[  125902ms] [ERROR] Failed to load resource: net::ERR_CONNECTION_RESET @ https://latiendadelabanda.vercel.app/video/bg-2.mp4:0
[  135034ms] [ERROR] Failed to load resource: net::ERR_INTERNET_DISCONNECTED @ https://latiendadelabanda.vercel.app/producto/a9c274fd-9658-4dde-9d76-23fa9fe50b0e?_rsc=tXyZJ52UQVBCVsD3:0
[  135035ms] [ERROR] Failed to load resource: net::ERR_INTERNET_DISCONNECTED @ https://latiendadelabanda.vercel.app/video/bg-2.mp4:0
[  135035ms] [ERROR] Failed to load resource: net::ERR_INTERNET_DISCONNECTED @ https://latiendadelabanda.vercel.app/carrito?_rsc=tXyZJ52UQVBCVsD3:0
[  135035ms] [ERROR] Failed to load resource: net::ERR_INTERNET_DISCONNECTED @ https://latiendadelabanda.vercel.app/?_rsc=tXyZJ52UQVBCVsD3:0
[  135035ms] [ERROR] Failed to load resource: net::ERR_INTERNET_DISCONNECTED @ https://latiendadelabanda.vercel.app/producto/af421df7-3bb9-424b-acd4-84a651af2796?_rsc=5CB68i4pnAekjehf:0
[  153324ms] [ERROR] Failed to load resource: net::ERR_INTERNET_DISCONNECTED @ https://latiendadelabanda.vercel.app/video/bg-2.mp4:0
[  153325ms] [ERROR] Failed to load resource: net::ERR_INTERNET_DISCONNECTED @ https://latiendadelabanda.vercel.app/producto/af421df7-3bb9-424b-acd4-84a651af2796?_rsc=5CB68i4pnAekjehf:0
[  172024ms] [ERROR] Failed to load resource: net::ERR_INTERNET_DISCONNECTED @ https://latiendadelabanda.vercel.app/video/bg-2.mp4:0
[  190772ms] [ERROR] Failed to load resource: net::ERR_INTERNET_DISCONNECTED @ https://latiendadelabanda.vercel.app/video/bg-2.mp4:0
[  190772ms] [ERROR] Failed to load resource: net::ERR_INTERNET_DISCONNECTED @ https://latiendadelabanda.vercel.app/producto/af421df7-3bb9-424b-acd4-84a651af2796?_rsc=5CB68i4pnAekjehf:0
[  209596ms] [ERROR] Failed to load resource: net::ERR_INTERNET_DISCONNECTED @ https://latiendadelabanda.vercel.app/video/bg-2.mp4:0
[  209596ms] [ERROR] Failed to load resource: net::ERR_INTERNET_DISCONNECTED @ https://latiendadelabanda.vercel.app/producto/af421df7-3bb9-424b-acd4-84a651af2796?_rsc=5CB68i4pnAekjehf:0
[  228469ms] [ERROR] Failed to load resource: net::ERR_INTERNET_DISCONNECTED @ https://latiendadelabanda.vercel.app/video/bg-2.mp4:0
[  228470ms] [ERROR] Failed to load resource: net::ERR_INTERNET_DISCONNECTED @ https://latiendadelabanda.vercel.app/producto/af421df7-3bb9-424b-acd4-84a651af2796?_rsc=5CB68i4pnAekjehf:0
[  247362ms] [ERROR] Failed to load resource: net::ERR_INTERNET_DISCONNECTED @ https://latiendadelabanda.vercel.app/video/bg-2.mp4:0
[  266306ms] [ERROR] Failed to load resource: net::ERR_INTERNET_DISCONNECTED @ https://latiendadelabanda.vercel.app/video/bg-2.mp4:0
[  285268ms] [ERROR] Failed to load resource: net::ERR_INTERNET_DISCONNECTED @ https://latiendadelabanda.vercel.app/video/bg-2.mp4:0
[  285269ms] [ERROR] Failed to load resource: net::ERR_INTERNET_DISCONNECTED @ https://latiendadelabanda.vercel.app/producto/af421df7-3bb9-424b-acd4-84a651af2796?_rsc=5CB68i4pnAekjehf:0
[  304310ms] [ERROR] Failed to load resource: net::ERR_INTERNET_DISCONNECTED @ https://latiendadelabanda.vercel.app/video/bg-2.mp4:0
[  304310ms] [ERROR] Failed to load resource: net::ERR_INTERNET_DISCONNECTED @ https://latiendadelabanda.vercel.app/producto/af421df7-3bb9-424b-acd4-84a651af2796?_rsc=5CB68i4pnAekjehf:0
[  323384ms] [ERROR] Failed to load resource: net::ERR_INTERNET_DISCONNECTED @ https://latiendadelabanda.vercel.app/video/bg-2.mp4:0
[  323384ms] [ERROR] Failed to load resource: net::ERR_INTERNET_DISCONNECTED @ https://latiendadelabanda.vercel.app/producto/af421df7-3bb9-424b-acd4-84a651af2796?_rsc=5CB68i4pnAekjehf:0
[  342547ms] [ERROR] Failed to load resource: net::ERR_INTERNET_DISCONNECTED @ https://latiendadelabanda.vercel.app/video/bg-2.mp4:0
[  342548ms] [ERROR] Failed to load resource: net::ERR_INTERNET_DISCONNECTED @ https://latiendadelabanda.vercel.app/producto/af421df7-3bb9-424b-acd4-84a651af2796?_rsc=5CB68i4pnAekjehf:0
[  361730ms] [ERROR] Failed to load resource: net::ERR_INTERNET_DISCONNECTED @ https://latiendadelabanda.vercel.app/video/bg-2.mp4:0
[  381010ms] [ERROR] Failed to load resource: net::ERR_INTERNET_DISCONNECTED @ https://latiendadelabanda.vercel.app/video/bg-2.mp4:0
[  399659ms] [ERROR] Failed to load resource: net::ERR_INTERNET_DISCONNECTED @ https://latiendadelabanda.vercel.app/producto/af421df7-3bb9-424b-acd4-84a651af2796?_rsc=5CB68i4pnAekjehf:0
[  399660ms] [ERROR] Failed to load resource: net::ERR_INTERNET_DISCONNECTED @ https://latiendadelabanda.vercel.app/video/bg-2.mp4:0
[  418997ms] [ERROR] Failed to load resource: net::ERR_INTERNET_DISCONNECTED @ https://latiendadelabanda.vercel.app/video/bg-2.mp4:0
[  418998ms] [ERROR] Failed to load resource: net::ERR_INTERNET_DISCONNECTED @ https://latiendadelabanda.vercel.app/producto/af421df7-3bb9-424b-acd4-84a651af2796?_rsc=5CB68i4pnAekjehf:0
[  438371ms] [ERROR] Failed to load resource: net::ERR_INTERNET_DISCONNECTED @ https://latiendadelabanda.vercel.app/video/bg-2.mp4:0
[  438372ms] [ERROR] Failed to load resource: net::ERR_INTERNET_DISCONNECTED @ https://latiendadelabanda.vercel.app/producto/af421df7-3bb9-424b-acd4-84a651af2796?_rsc=5CB68i4pnAekjehf:0
[  457785ms] [ERROR] Failed to load resource: net::ERR_INTERNET_DISCONNECTED @ https://latiendadelabanda.vercel.app/video/bg-2.mp4:0
[  457785ms] [ERROR] Failed to load resource: net::ERR_INTERNET_DISCONNECTED @ https://latiendadelabanda.vercel.app/producto/af421df7-3bb9-424b-acd4-84a651af2796?_rsc=5CB68i4pnAekjehf:0
[  477270ms] [ERROR] Failed to load resource: net::ERR_INTERNET_DISCONNECTED @ https://latiendadelabanda.vercel.app/video/bg-2.mp4:0
[  477271ms] [ERROR] Failed to load resource: net::ERR_INTERNET_DISCONNECTED @ https://latiendadelabanda.vercel.app/producto/af421df7-3bb9-424b-acd4-84a651af2796?_rsc=5CB68i4pnAekjehf:0
[  496789ms] [ERROR] Failed to load resource: net::ERR_INTERNET_DISCONNECTED @ https://latiendadelabanda.vercel.app/video/bg-2.mp4:0
[  496790ms] [ERROR] Failed to load resource: net::ERR_INTERNET_DISCONNECTED @ https://latiendadelabanda.vercel.app/producto/af421df7-3bb9-424b-acd4-84a651af2796?_rsc=5CB68i4pnAekjehf:0
[  516366ms] [ERROR] Failed to load resource: net::ERR_INTERNET_DISCONNECTED @ https://latiendadelabanda.vercel.app/video/bg-2.mp4:0
[  516366ms] [ERROR] Failed to load resource: net::ERR_INTERNET_DISCONNECTED @ https://latiendadelabanda.vercel.app/producto/af421df7-3bb9-424b-acd4-84a651af2796?_rsc=5CB68i4pnAekjehf:0
[  535960ms] [ERROR] Failed to load resource: net::ERR_INTERNET_DISCONNECTED @ https://latiendadelabanda.vercel.app/video/bg-2.mp4:0
[  535961ms] [ERROR] Failed to load resource: net::ERR_INTERNET_DISCONNECTED @ https://latiendadelabanda.vercel.app/producto/af421df7-3bb9-424b-acd4-84a651af2796?_rsc=5CB68i4pnAekjehf:0
[  555648ms] [ERROR] Failed to load resource: net::ERR_INTERNET_DISCONNECTED @ https://latiendadelabanda.vercel.app/producto/af421df7-3bb9-424b-acd4-84a651af2796?_rsc=5CB68i4pnAekjehf:0
[  555648ms] [ERROR] Failed to load resource: net::ERR_INTERNET_DISCONNECTED @ https://latiendadelabanda.vercel.app/video/bg-2.mp4:0
[  575413ms] [ERROR] Failed to load resource: net::ERR_INTERNET_DISCONNECTED @ https://latiendadelabanda.vercel.app/video/bg-2.mp4:0
[  575414ms] [ERROR] Failed to load resource: net::ERR_INTERNET_DISCONNECTED @ https://latiendadelabanda.vercel.app/producto/af421df7-3bb9-424b-acd4-84a651af2796?_rsc=5CB68i4pnAekjehf:0
[  595201ms] [ERROR] Failed to load resource: net::ERR_INTERNET_DISCONNECTED @ https://latiendadelabanda.vercel.app/video/bg-2.mp4:0
[  610128ms] [ERROR] Failed to load resource: net::ERR_NAME_NOT_RESOLVED @ https://latiendadelabanda.vercel.app/video/bg-2.mp4:0
[  611744ms] [ERROR] Failed to load resource: net::ERR_INTERNET_DISCONNECTED @ https://latiendadelabanda.vercel.app/video/bg-2.mp4:0
[  613409ms] [ERROR] Failed to load resource: net::ERR_INTERNET_DISCONNECTED @ https://latiendadelabanda.vercel.app/video/bg-2.mp4:0
[  615118ms] [ERROR] Failed to load resource: net::ERR_INTERNET_DISCONNECTED @ https://latiendadelabanda.vercel.app/video/bg-2.mp4:0
[  616880ms] [ERROR] Failed to load resource: net::ERR_INTERNET_DISCONNECTED @ https://latiendadelabanda.vercel.app/video/bg-2.mp4:0
[  814230ms] [ERROR] Failed to load resource: net::ERR_INTERNET_DISCONNECTED @ https://latiendadelabanda.vercel.app/producto/af421df7-3bb9-424b-acd4-84a651af2796?_rsc=5CB68i4pnAekjehf:0
[  915502ms] [ERROR] Failed to load resource: net::ERR_INTERNET_DISCONNECTED @ https://latiendadelabanda.vercel.app/producto/af421df7-3bb9-424b-acd4-84a651af2796?_rsc=5CB68i4pnAekjehf:0
[  930531ms] [ERROR] Failed to load resource: net::ERR_INTERNET_DISCONNECTED @ https://latiendadelabanda.vercel.app/producto/af421df7-3bb9-424b-acd4-84a651af2796?_rsc=5CB68i4pnAekjehf:0
[  994865ms] [ERROR] Failed to load resource: net::ERR_INTERNET_DISCONNECTED @ https://latiendadelabanda.vercel.app/producto/af421df7-3bb9-424b-acd4-84a651af2796?_rsc=5CB68i4pnAekjehf:0
[ 1104812ms] [ERROR] Failed to load resource: net::ERR_INTERNET_DISCONNECTED @ https://latiendadelabanda.vercel.app/producto/af421df7-3bb9-424b-acd4-84a651af2796?_rsc=5CB68i4pnAekjehf:0
[ 1207850ms] [ERROR] Failed to load resource: net::ERR_INTERNET_DISCONNECTED @ https://latiendadelabanda.vercel.app/producto/af421df7-3bb9-424b-acd4-84a651af2796?_rsc=5CB68i4pnAekjehf:0
[ 1234187ms] [ERROR] Failed to load resource: net::ERR_INTERNET_DISCONNECTED @ https://latiendadelabanda.vercel.app/producto/af421df7-3bb9-424b-acd4-84a651af2796?_rsc=5CB68i4pnAekjehf:0
[ 1390482ms] [ERROR] Failed to load resource: net::ERR_INTERNET_DISCONNECTED @ https://latiendadelabanda.vercel.app/producto/af421df7-3bb9-424b-acd4-84a651af2796?_rsc=5CB68i4pnAekjehf:0
